Hello world!
Hello world!
Hello world!
Hello world!
a = [396, 1080]
